[1m[33m
Warning: This is a simple server for use in testing or debugging Angular applications
locally. It hasn't been reviewed for security issues.

Binding this server to an open connection can result in compromising your application or
computer. Using a different host than the one passed to the "--host" flag might result in
websocket connection issues. You might need to use "--disable-host-check" if that's the
case.
    [39m[22m
- Generating browser application bundles (phase: setup)...
✔ Browser application bundle generation complete.

[1mInitial chunk files[22m                                                                                    [2m | [22m[1mNames[22m                       [2m | [22m [1mRaw size[22m
[32mvendor.js[39m                                                                                              [2m | [22m[2mvendor[22m                      [2m | [22m  [36m4.51 MB[39m[2m | [22m
[32mpolyfills.js[39m                                                                                           [2m | [22m[2mpolyfills[22m                   [2m | [22m[36m249.46 kB[39m[2m | [22m
[32mstyles.css, styles.js[39m                                                                                  [2m | [22m[2mstyles[22m                      [2m | [22m[36m168.41 kB[39m[2m | [22m
[32mmain.js[39m                                                                                                [2m | [22m[2mmain[22m                        [2m | [22m [36m18.98 kB[39m[2m | [22m
[32mruntime.js[39m                                                                                             [2m | [22m[2mruntime[22m                     [2m | [22m [36m14.69 kB[39m[2m | [22m

[1m [22m                                                                                                      [2m | [22m[1mInitial total[22m               [2m | [22m  [1m4.96 MB[22m

[1mLazy chunk files[22m                                                                                       [2m | [22m[1mNames[22m                       [2m | [22m [1mRaw size[22m
[32msrc_app_pages_squeeze_squeeze_module_ts.js[39m                                                             [2m | [22m[2mpages-squeeze-squeeze-module[22m[2m | [22m[36m157.63 kB[39m[2m | [22m
[32mpolyfills-core-js.js[39m                                                                                   [2m | [22m[2mpolyfills-core-js[22m           [2m | [22m[36m155.81 kB[39m[2m | [22m
[32mnode_modules_ionic_core_dist_esm_ion-datetime_3_entry_js.js[39m                                            [2m | [22m[2m-[22m                           [2m | [22m[36m151.69 kB[39m[2m | [22m
[32mnode_modules_ionic_core_dist_esm_ion-app_8_entry_js.js[39m                                                 [2m | [22m[2m-[22m                           [2m | [22m [36m83.26 kB[39m[2m | [22m
[32mnode_modules_ionic_core_dist_esm_ion-modal_entry_js.js[39m                                                 [2m | [22m[2m-[22m                           [2m | [22m [36m82.26 kB[39m[2m | [22m
[32mnode_modules_ionic_core_dist_esm_ion-item_8_entry_js.js[39m                                                [2m | [22m[2m-[22m                           [2m | [22m [36m69.72 kB[39m[2m | [22m
[32mnode_modules_ionic_core_dist_esm_ion-select_3_entry_js.js[39m                                              [2m | [22m[2m-[22m                           [2m | [22m [36m68.62 kB[39m[2m | [22m
[32mnode_modules_ionic_core_dist_esm_ion-popover_entry_js.js[39m                                               [2m | [22m[2m-[22m                           [2m | [22m [36m60.99 kB[39m[2m | [22m
[32mcommon.js[39m                                                                                              [2m | [22m[2mcommon[22m                      [2m | [22m [36m60.16 kB[39m[2m | [22m
[32mnode_modules_ionic_core_dist_esm_ion-textarea_entry_js.js[39m                                              [2m | [22m[2m-[22m                           [2m | [22m [36m59.33 kB[39m[2m | [22m
[32mdefault-node_modules_ionic_core_dist_esm_data-ae11fd43_js.js[39m                                           [2m | [22m[2m-[22m                           [2m | [22m [36m58.85 kB[39m[2m | [22m
[32mnode_modules_ionic_core_dist_esm_ion-refresher_2_entry_js.js[39m                                           [2m | [22m[2m-[22m                           [2m | [22m [36m55.80 kB[39m[2m | [22m
[32mnode_modules_ionic_core_dist_esm_ion-input_entry_js.js[39m                                                 [2m | [22m[2m-[22m                           [2m | [22m [36m54.93 kB[39m[2m | [22m
[32mnode_modules_ionic_core_dist_esm_ion-alert_entry_js.js[39m                                                 [2m | [22m[2m-[22m                           [2m | [22m [36m53.94 kB[39m[2m | [22m
[32mnode_modules_ionic_core_dist_esm_ion-toast_entry_js.js[39m                                                 [2m | [22m[2m-[22m                           [2m | [22m [36m48.07 kB[39m[2m | [22m
[32mnode_modules_ionic_core_dist_esm_ion-menu_3_entry_js.js[39m                                                [2m | [22m[2m-[22m                           [2m | [22m [36m46.59 kB[39m[2m | [22m
[32mnode_modules_ionic_core_dist_esm_ion-range_entry_js.js[39m                                                 [2m | [22m[2m-[22m                           [2m | [22m [36m46.02 kB[39m[2m | [22m
[32mnode_modules_ionic_core_dist_esm_ion-segment_2_entry_js.js[39m                                             [2m | [22m[2m-[22m                           [2m | [22m [36m42.81 kB[39m[2m | [22m
[32mnode_modules_ionic_core_dist_esm_ion-button_2_entry_js.js[39m                                              [2m | [22m[2m-[22m                           [2m | [22m [36m42.63 kB[39m[2m | [22m
[32mnode_modules_ionic_core_dist_esm_ion-nav_2_entry_js.js[39m                                                 [2m | [22m[2m-[22m                           [2m | [22m [36m39.20 kB[39m[2m | [22m
[32mnode_modules_ionic_core_dist_esm_ion-searchbar_entry_js.js[39m                                             [2m | [22m[2m-[22m                           [2m | [22m [36m37.29 kB[39m[2m | [22m
[32mnode_modules_ionic_core_dist_esm_ion-item-option_3_entry_js.js[39m                                         [2m | [22m[2m-[22m                           [2m | [22m [36m36.18 kB[39m[2m | [22m
[32mnode_modules_ionic_core_dist_esm_ion-action-sheet_entry_js.js[39m                                          [2m | [22m[2m-[22m                           [2m | [22m [36m35.28 kB[39m[2m | [22m
[32mnode_modules_ionic_core_components_ios_transition_js.js[39m                                                [2m | [22m[2mios-transition-js[22m           [2m | [22m [36m34.96 kB[39m[2m | [22m
[32mnode_modules_ionic_core_dist_esm_ion-route_4_entry_js.js[39m                                               [2m | [22m[2m-[22m                           [2m | [22m [36m33.87 kB[39m[2m | [22m
[32mnode_modules_ionic_core_dist_esm_ion-accordion_2_entry_js.js[39m                                           [2m | [22m[2m-[22m                           [2m | [22m [36m29.15 kB[39m[2m | [22m
[32mnode_modules_ionic_core_dist_esm_input-shims-0314bbe5_js.js[39m                                            [2m | [22m[2minput-shims-0314bbe5-js[22m     [2m | [22m [36m28.52 kB[39m[2m | [22m
[32mnode_modules_ionic_core_dist_esm_ion-fab_3_entry_js.js[39m                                                 [2m | [22m[2m-[22m                           [2m | [22m [36m27.47 kB[39m[2m | [22m
[32mpolyfills-dom.js[39m                                                                                       [2m | [22m[2mpolyfills-dom[22m               [2m | [22m [36m27.23 kB[39m[2m | [22m
[32mnode_modules_ionic_core_dist_esm_ion-toggle_entry_js.js[39m                                                [2m | [22m[2m-[22m                           [2m | [22m [36m26.71 kB[39m[2m | [22m
[32mnode_modules_ionic_core_dist_esm_ion-radio_2_entry_js.js[39m                                               [2m | [22m[2m-[22m                           [2m | [22m [36m26.05 kB[39m[2m | [22m
[32mnode_modules_ionic_core_dist_esm_ion-picker_entry_js.js[39m                                                [2m | [22m[2m-[22m                           [2m | [22m [36m25.36 kB[39m[2m | [22m
[32mdefault-node_modules_ionic_core_components_animation_js.js[39m                                             [2m | [22m[2mios-transition-js[22m           [2m | [22m [36m24.86 kB[39m[2m | [22m
[32mnode_modules_ionic_core_dist_esm_ion-tab-bar_2_entry_js.js[39m                                             [2m | [22m[2m-[22m                           [2m | [22m [36m24.35 kB[39m[2m | [22m
[32mnode_modules_ionic_core_dist_esm_ion-breadcrumb_2_entry_js.js[39m                                          [2m | [22m[2m-[22m                           [2m | [22m [36m22.67 kB[39m[2m | [22m
[32mnode_modules_ionic_core_dist_esm_ion-progress-bar_entry_js.js[39m                                          [2m | [22m[2m-[22m                           [2m | [22m [36m22.34 kB[39m[2m | [22m
[32mnode_modules_ionic_core_dist_esm_ion-picker-column_entry_js.js[39m                                         [2m | [22m[2m-[22m                           [2m | [22m [36m21.45 kB[39m[2m | [22m
[32mnode_modules_ionic_core_dist_esm_ion-datetime-button_entry_js.js[39m                                       [2m | [22m[2m-[22m                           [2m | [22m [36m21.03 kB[39m[2m | [22m
[32mnode_modules_ionic_core_dist_esm_ion-loading_entry_js.js[39m                                               [2m | [22m[2m-[22m                           [2m | [22m [36m19.60 kB[39m[2m | [22m
[32mnode_modules_ionic_core_dist_esm_ion-checkbox_entry_js.js[39m                                              [2m | [22m[2m-[22m                           [2m | [22m [36m17.91 kB[39m[2m | [22m
[32mnode_modules_ionic_core_dist_esm_ion-card_5_entry_js.js[39m                                                [2m | [22m[2m-[22m                           [2m | [22m [36m16.38 kB[39m[2m | [22m
[32mnode_modules_ionic_core_dist_esm_ion-back-button_entry_js.js[39m                                           [2m | [22m[2m-[22m                           [2m | [22m [36m16.30 kB[39m[2m | [22m
[32mnode_modules_ionic_core_dist_esm_ion-infinite-scroll_2_entry_js.js[39m                                     [2m | [22m[2m-[22m                           [2m | [22m [36m14.73 kB[39m[2m | [22m
[32mnode_modules_ionic_core_dist_esm_ion-reorder_2_entry_js.js[39m                                             [2m | [22m[2m-[22m                           [2m | [22m [36m14.56 kB[39m[2m | [22m
[32mnode_modules_ionic_core_dist_esm_ion-col_3_entry_js.js[39m                                                 [2m | [22m[2m-[22m                           [2m | [22m [36m14.00 kB[39m[2m | [22m
[32mdefault-node_modules_ionic_core_dist_esm_input_utils-09c71bc7_js-node_modules_ionic_core_dist-8b8a84.js[39m[2m | [22m[2m-[22m                           [2m | [22m [36m12.34 kB[39m[2m | [22m
[32mnode_modules_ionic_core_dist_esm_ion-tab_2_entry_js.js[39m                                                 [2m | [22m[2m-[22m                           [2m | [22m [36m11.26 kB[39m[2m | [22m
[32mnode_modules_ionic_core_dist_esm_ion-spinner_entry_js.js[39m                                               [2m | [22m[2m-[22m                           [2m | [22m  [36m8.79 kB[39m[2m | [22m
[32mnode_modules_ionic_core_dist_esm_ion-chip_entry_js.js[39m                                                  [2m | [22m[2m-[22m                           [2m | [22m  [36m8.30 kB[39m[2m | [22m
[32mnode_modules_ionic_core_dist_esm_ion-split-pane_entry_js.js[39m                                            [2m | [22m[2m-[22m                           [2m | [22m  [36m7.57 kB[39m[2m | [22m
[32mnode_modules_ionic_core_dist_esm_ion-ripple-effect_entry_js.js[39m                                         [2m | [22m[2m-[22m                           [2m | [22m  [36m6.55 kB[39m[2m | [22m
[32mnode_modules_ionic_core_dist_esm_ion-avatar_3_entry_js.js[39m                                              [2m | [22m[2m-[22m                           [2m | [22m  [36m6.18 kB[39m[2m | [22m
[32mnode_modules_ionic_core_dist_esm_index-79b30591_js.js[39m                                                  [2m | [22m[2mindex-79b30591-js[22m           [2m | [22m  [36m5.97 kB[39m[2m | [22m
[32mnode_modules_ionic_core_dist_esm_ion-picker-column-option_entry_js.js[39m                                  [2m | [22m[2m-[22m                           [2m | [22m  [36m5.79 kB[39m[2m | [22m
[32mnode_modules_ionic_core_dist_esm_ion-input-password-toggle_entry_js.js[39m                                 [2m | [22m[2m-[22m                           [2m | [22m  [36m5.61 kB[39m[2m | [22m
[32mnode_modules_ionic_core_dist_esm_ion-img_entry_js.js[39m                                                   [2m | [22m[2m-[22m                           [2m | [22m  [36m4.87 kB[39m[2m | [22m
[32mnode_modules_ionic_core_components_md_transition_js.js[39m                                                 [2m | [22m[2mmd-transition-js[22m            [2m | [22m  [36m3.04 kB[39m[2m | [22m
[32mnode_modules_ionic_core_dist_esm_status-tap-12c27922_js.js[39m                                             [2m | [22m[2mstatus-tap-12c27922-js[22m      [2m | [22m  [36m3.03 kB[39m[2m | [22m
[32mnode_modules_ionic_core_dist_esm_ion-backdrop_entry_js.js[39m                                              [2m | [22m[2m-[22m                           [2m | [22m  [36m3.02 kB[39m[2m | [22m
[32mnode_modules_ionic_core_dist_esm_ion-text_entry_js.js[39m                                                  [2m | [22m[2m-[22m                           [2m | [22m  [36m1.97 kB[39m[2m | [22m

Build at: 2026-09-08T15:06:36.449Z - Hash: 010fbe15bdfa70dd - Time: 15008ms
[1m[33m
./src/app/pages/squeeze/squeeze.page.scss?ngResource - Warning: Module Warning (from ./node_modules/sass-loader/dist/cjs.js):
Deprecation Warning on line 202, column 16 of file:///D:/Users/Xhanti%20Mzozoyana/Documents/ProcessZeroWorkspace/ui/process-zero-squeeze/src/app/pages/squeeze/squeeze.page.scss:202:16:
Global built-in functions are deprecated and will be removed in Dart Sass 3.0.0.
Use math.random instead.

More info and automated migrator: https://sass-lang.com/d/import

202 |         left: #{random(100)}%;


src\app\pages\squeeze\squeeze.page.scss 203:17  root stylesheet


./src/app/pages/squeeze/squeeze.page.scss?ngResource - Warning: Module Warning (from ./node_modules/sass-loader/dist/cjs.js):
Deprecation Warning on line 203, column 15 of file:///D:/Users/Xhanti%20Mzozoyana/Documents/ProcessZeroWorkspace/ui/process-zero-squeeze/src/app/pages/squeeze/squeeze.page.scss:203:15:
Global built-in functions are deprecated and will be removed in Dart Sass 3.0.0.
Use math.random instead.

More info and automated migrator: https://sass-lang.com/d/import

203 |         top: #{random(100)}%;


src\app\pages\squeeze\squeeze.page.scss 204:16  root stylesheet


./src/app/pages/squeeze/squeeze.page.scss?ngResource - Warning: Module Warning (from ./node_modules/sass-loader/dist/cjs.js):
Deprecation Warning on line 204, column 29 of file:///D:/Users/Xhanti%20Mzozoyana/Documents/ProcessZeroWorkspace/ui/process-zero-squeeze/src/app/pages/squeeze/squeeze.page.scss:204:29:
Global built-in functions are deprecated and will be removed in Dart Sass 3.0.0.
Use math.random instead.

More info and automated migrator: https://sass-lang.com/d/import

204 |         animation-delay: #{-(random(12))}s;


src\app\pages\squeeze\squeeze.page.scss 205:30  root stylesheet


./src/app/pages/squeeze/squeeze.page.scss?ngResource - Warning: Module Warning (from ./node_modules/sass-loader/dist/cjs.js):
Deprecation Warning on line 205, column 21 of file:///D:/Users/Xhanti%20Mzozoyana/Documents/ProcessZeroWorkspace/ui/process-zero-squeeze/src/app/pages/squeeze/squeeze.page.scss:205:21:
Global built-in functions are deprecated and will be removed in Dart Sass 3.0.0.
Use math.random instead.

More info and automated migrator: https://sass-lang.com/d/import

205 |         width: #{3 + random(3)}px;


src\app\pages\squeeze\squeeze.page.scss 206:22  root stylesheet


./src/app/pages/squeeze/squeeze.page.scss?ngResource - Warning: Module Warning (from ./node_modules/sass-loader/dist/cjs.js):
Deprecation Warning on line 206, column 22 of file:///D:/Users/Xhanti%20Mzozoyana/Documents/ProcessZeroWorkspace/ui/process-zero-squeeze/src/app/pages/squeeze/squeeze.page.scss:206:22:
Global built-in functions are deprecated and will be removed in Dart Sass 3.0.0.
Use math.random instead.

More info and automated migrator: https://sass-lang.com/d/import

206 |         height: #{3 + random(3)}px;


src\app\pages\squeeze\squeeze.page.scss 207:23  root stylesheet


Warning: D:/Users/Xhanti Mzozoyana/Documents/ProcessZeroWorkspace/ui/process-zero-squeeze/src/environments/environment.prod.ts is part of the TypeScript compilation but it's unused.
Add only entry points to the 'files' or 'include' properties in your tsconfig.

[39m[22m

** Angular Live Development Server is listening on 0.0.0.0:4200, open your browser on http://localhost:4200/ **


√ Compiled successfully.
✔ Browser application bundle generation complete.

[1mInitial chunk files[22m                       [2m | [22m[1mNames[22m                       [2m | [22m [1mRaw size[22m
[32mruntime.js[39m                                [2m | [22m[2mruntime[22m                     [2m | [22m [36m14.69 kB[39m[2m | [22m

[1mLazy chunk files[22m                          [2m | [22m[1mNames[22m                       [2m | [22m [1mRaw size[22m
[32msrc_app_pages_squeeze_squeeze_module_ts.js[39m[2m | [22m[2mpages-squeeze-squeeze-module[22m[2m | [22m[36m165.63 kB[39m[2m | [22m

63 unchanged chunks

Build at: 2026-09-08T15:13:15.432Z - Hash: f3e1c57eae2b3c71 - Time: 4354ms
[1m[33m
./src/app/pages/squeeze/squeeze.page.scss?ngResource - Warning: Module Warning (from ./node_modules/sass-loader/dist/cjs.js):
Deprecation Warning on line 202, column 16 of file:///D:/Users/Xhanti%20Mzozoyana/Documents/ProcessZeroWorkspace/ui/process-zero-squeeze/src/app/pages/squeeze/squeeze.page.scss:202:16:
Global built-in functions are deprecated and will be removed in Dart Sass 3.0.0.
Use math.random instead.

More info and automated migrator: https://sass-lang.com/d/import

202 |         left: #{random(100)}%;


src\app\pages\squeeze\squeeze.page.scss 203:17  root stylesheet


./src/app/pages/squeeze/squeeze.page.scss?ngResource - Warning: Module Warning (from ./node_modules/sass-loader/dist/cjs.js):
Deprecation Warning on line 203, column 15 of file:///D:/Users/Xhanti%20Mzozoyana/Documents/ProcessZeroWorkspace/ui/process-zero-squeeze/src/app/pages/squeeze/squeeze.page.scss:203:15:
Global built-in functions are deprecated and will be removed in Dart Sass 3.0.0.
Use math.random instead.

More info and automated migrator: https://sass-lang.com/d/import

203 |         top: #{random(100)}%;


src\app\pages\squeeze\squeeze.page.scss 204:16  root stylesheet


./src/app/pages/squeeze/squeeze.page.scss?ngResource - Warning: Module Warning (from ./node_modules/sass-loader/dist/cjs.js):
Deprecation Warning on line 204, column 29 of file:///D:/Users/Xhanti%20Mzozoyana/Documents/ProcessZeroWorkspace/ui/process-zero-squeeze/src/app/pages/squeeze/squeeze.page.scss:204:29:
Global built-in functions are deprecated and will be removed in Dart Sass 3.0.0.
Use math.random instead.

More info and automated migrator: https://sass-lang.com/d/import

204 |         animation-delay: #{-(random(12))}s;


src\app\pages\squeeze\squeeze.page.scss 205:30  root stylesheet


./src/app/pages/squeeze/squeeze.page.scss?ngResource - Warning: Module Warning (from ./node_modules/sass-loader/dist/cjs.js):
Deprecation Warning on line 205, column 21 of file:///D:/Users/Xhanti%20Mzozoyana/Documents/ProcessZeroWorkspace/ui/process-zero-squeeze/src/app/pages/squeeze/squeeze.page.scss:205:21:
Global built-in functions are deprecated and will be removed in Dart Sass 3.0.0.
Use math.random instead.

More info and automated migrator: https://sass-lang.com/d/import

205 |         width: #{3 + random(3)}px;


src\app\pages\squeeze\squeeze.page.scss 206:22  root stylesheet


./src/app/pages/squeeze/squeeze.page.scss?ngResource - Warning: Module Warning (from ./node_modules/sass-loader/dist/cjs.js):
Deprecation Warning on line 206, column 22 of file:///D:/Users/Xhanti%20Mzozoyana/Documents/ProcessZeroWorkspace/ui/process-zero-squeeze/src/app/pages/squeeze/squeeze.page.scss:206:22:
Global built-in functions are deprecated and will be removed in Dart Sass 3.0.0.
Use math.random instead.

More info and automated migrator: https://sass-lang.com/d/import

206 |         height: #{3 + random(3)}px;


src\app\pages\squeeze\squeeze.page.scss 207:23  root stylesheet


[39m[22m

√ Compiled successfully.
✔ Browser application bundle generation complete.

[1mInitial chunk files[22m                       [2m | [22m[1mNames[22m                       [2m | [22m [1mRaw size[22m
[32mruntime.js[39m                                [2m | [22m[2mruntime[22m                     [2m | [22m [36m14.69 kB[39m[2m | [22m

[1mLazy chunk files[22m                          [2m | [22m[1mNames[22m                       [2m | [22m [1mRaw size[22m
[32msrc_app_pages_squeeze_squeeze_module_ts.js[39m[2m | [22m[2mpages-squeeze-squeeze-module[22m[2m | [22m[36m163.01 kB[39m[2m | [22m

63 unchanged chunks

Build at: 2026-09-08T15:13:17.390Z - Hash: 0d1bb41a31a3eeb9 - Time: 1642ms
[1m[33m
./src/app/pages/squeeze/squeeze.page.scss?ngResource - Warning: Module Warning (from ./node_modules/sass-loader/dist/cjs.js):
Deprecation Warning on line 202, column 16 of file:///D:/Users/Xhanti%20Mzozoyana/Documents/ProcessZeroWorkspace/ui/process-zero-squeeze/src/app/pages/squeeze/squeeze.page.scss:202:16:
Global built-in functions are deprecated and will be removed in Dart Sass 3.0.0.
Use math.random instead.

More info and automated migrator: https://sass-lang.com/d/import

202 |         left: #{random(100)}%;


src\app\pages\squeeze\squeeze.page.scss 203:17  root stylesheet


./src/app/pages/squeeze/squeeze.page.scss?ngResource - Warning: Module Warning (from ./node_modules/sass-loader/dist/cjs.js):
Deprecation Warning on line 203, column 15 of file:///D:/Users/Xhanti%20Mzozoyana/Documents/ProcessZeroWorkspace/ui/process-zero-squeeze/src/app/pages/squeeze/squeeze.page.scss:203:15:
Global built-in functions are deprecated and will be removed in Dart Sass 3.0.0.
Use math.random instead.

More info and automated migrator: https://sass-lang.com/d/import

203 |         top: #{random(100)}%;


src\app\pages\squeeze\squeeze.page.scss 204:16  root stylesheet


./src/app/pages/squeeze/squeeze.page.scss?ngResource - Warning: Module Warning (from ./node_modules/sass-loader/dist/cjs.js):
Deprecation Warning on line 204, column 29 of file:///D:/Users/Xhanti%20Mzozoyana/Documents/ProcessZeroWorkspace/ui/process-zero-squeeze/src/app/pages/squeeze/squeeze.page.scss:204:29:
Global built-in functions are deprecated and will be removed in Dart Sass 3.0.0.
Use math.random instead.

More info and automated migrator: https://sass-lang.com/d/import

204 |         animation-delay: #{-(random(12))}s;


src\app\pages\squeeze\squeeze.page.scss 205:30  root stylesheet


./src/app/pages/squeeze/squeeze.page.scss?ngResource - Warning: Module Warning (from ./node_modules/sass-loader/dist/cjs.js):
Deprecation Warning on line 205, column 21 of file:///D:/Users/Xhanti%20Mzozoyana/Documents/ProcessZeroWorkspace/ui/process-zero-squeeze/src/app/pages/squeeze/squeeze.page.scss:205:21:
Global built-in functions are deprecated and will be removed in Dart Sass 3.0.0.
Use math.random instead.

More info and automated migrator: https://sass-lang.com/d/import

205 |         width: #{3 + random(3)}px;


src\app\pages\squeeze\squeeze.page.scss 206:22  root stylesheet


./src/app/pages/squeeze/squeeze.page.scss?ngResource - Warning: Module Warning (from ./node_modules/sass-loader/dist/cjs.js):
Deprecation Warning on line 206, column 22 of file:///D:/Users/Xhanti%20Mzozoyana/Documents/ProcessZeroWorkspace/ui/process-zero-squeeze/src/app/pages/squeeze/squeeze.page.scss:206:22:
Global built-in functions are deprecated and will be removed in Dart Sass 3.0.0.
Use math.random instead.

More info and automated migrator: https://sass-lang.com/d/import

206 |         height: #{3 + random(3)}px;


src\app\pages\squeeze\squeeze.page.scss 207:23  root stylesheet


[39m[22m

√ Compiled successfully.
✔ Browser application bundle generation complete.

[1mInitial chunk files[22m                       [2m | [22m[1mNames[22m                       [2m | [22m [1mRaw size[22m
[32mruntime.js[39m                                [2m | [22m[2mruntime[22m                     [2m | [22m [36m14.69 kB[39m[2m | [22m

[1mLazy chunk files[22m                          [2m | [22m[1mNames[22m                       [2m | [22m [1mRaw size[22m
[32msrc_app_pages_squeeze_squeeze_module_ts.js[39m[2m | [22m[2mpages-squeeze-squeeze-module[22m[2m | [22m[36m163.92 kB[39m[2m | [22m

63 unchanged chunks

Build at: 2026-09-08T15:13:39.141Z - Hash: bb0c1e66740cee26 - Time: 3625ms
[1m[33m
./src/app/pages/squeeze/squeeze.page.scss?ngResource - Warning: Module Warning (from ./node_modules/sass-loader/dist/cjs.js):
Deprecation Warning on line 202, column 16 of file:///D:/Users/Xhanti%20Mzozoyana/Documents/ProcessZeroWorkspace/ui/process-zero-squeeze/src/app/pages/squeeze/squeeze.page.scss:202:16:
Global built-in functions are deprecated and will be removed in Dart Sass 3.0.0.
Use math.random instead.

More info and automated migrator: https://sass-lang.com/d/import

202 |         left: #{random(100)}%;


src\app\pages\squeeze\squeeze.page.scss 203:17  root stylesheet


./src/app/pages/squeeze/squeeze.page.scss?ngResource - Warning: Module Warning (from ./node_modules/sass-loader/dist/cjs.js):
Deprecation Warning on line 203, column 15 of file:///D:/Users/Xhanti%20Mzozoyana/Documents/ProcessZeroWorkspace/ui/process-zero-squeeze/src/app/pages/squeeze/squeeze.page.scss:203:15:
Global built-in functions are deprecated and will be removed in Dart Sass 3.0.0.
Use math.random instead.

More info and automated migrator: https://sass-lang.com/d/import

203 |         top: #{random(100)}%;


src\app\pages\squeeze\squeeze.page.scss 204:16  root stylesheet


./src/app/pages/squeeze/squeeze.page.scss?ngResource - Warning: Module Warning (from ./node_modules/sass-loader/dist/cjs.js):
Deprecation Warning on line 204, column 29 of file:///D:/Users/Xhanti%20Mzozoyana/Documents/ProcessZeroWorkspace/ui/process-zero-squeeze/src/app/pages/squeeze/squeeze.page.scss:204:29:
Global built-in functions are deprecated and will be removed in Dart Sass 3.0.0.
Use math.random instead.

More info and automated migrator: https://sass-lang.com/d/import

204 |         animation-delay: #{-(random(12))}s;


src\app\pages\squeeze\squeeze.page.scss 205:30  root stylesheet


./src/app/pages/squeeze/squeeze.page.scss?ngResource - Warning: Module Warning (from ./node_modules/sass-loader/dist/cjs.js):
Deprecation Warning on line 205, column 21 of file:///D:/Users/Xhanti%20Mzozoyana/Documents/ProcessZeroWorkspace/ui/process-zero-squeeze/src/app/pages/squeeze/squeeze.page.scss:205:21:
Global built-in functions are deprecated and will be removed in Dart Sass 3.0.0.
Use math.random instead.

More info and automated migrator: https://sass-lang.com/d/import

205 |         width: #{3 + random(3)}px;


src\app\pages\squeeze\squeeze.page.scss 206:22  root stylesheet


./src/app/pages/squeeze/squeeze.page.scss?ngResource - Warning: Module Warning (from ./node_modules/sass-loader/dist/cjs.js):
Deprecation Warning on line 206, column 22 of file:///D:/Users/Xhanti%20Mzozoyana/Documents/ProcessZeroWorkspace/ui/process-zero-squeeze/src/app/pages/squeeze/squeeze.page.scss:206:22:
Global built-in functions are deprecated and will be removed in Dart Sass 3.0.0.
Use math.random instead.

More info and automated migrator: https://sass-lang.com/d/import

206 |         height: #{3 + random(3)}px;


src\app\pages\squeeze\squeeze.page.scss 207:23  root stylesheet


[39m[22m

√ Compiled successfully.
